Archive member included to satisfy reference by file (symbol)

c:/st/stm32cubeide_1.4.0/stm32cubeide/plugins/com.st.stm32cube.ide.mcu.externaltools.gnu-tools-for-stm32.7-2018-q2-update.win32_1.5.0.202011040924/tools/bin/../lib/gcc/arm-none-eabi/7.3.1/../../../../arm-none-eabi/lib/thumb/v7e-m/fpv4-sp/hard\libc_nano.a(lib_a-errno.o)
                              Core/Src/syscalls.o (__errno)
c:/st/stm32cubeide_1.4.0/stm32cubeide/plugins/com.st.stm32cube.ide.mcu.externaltools.gnu-tools-for-stm32.7-2018-q2-update.win32_1.5.0.202011040924/tools/bin/../lib/gcc/arm-none-eabi/7.3.1/../../../../arm-none-eabi/lib/thumb/v7e-m/fpv4-sp/hard\libc_nano.a(lib_a-exit.o)
                              c:/st/stm32cubeide_1.4.0/stm32cubeide/plugins/com.st.stm32cube.ide.mcu.externaltools.gnu-tools-for-stm32.7-2018-q2-update.win32_1.5.0.202011040924/tools/bin/../lib/gcc/arm-none-eabi/7.3.1/../../../../arm-none-eabi/lib/thumb/v7e-m/fpv4-sp/hard/crt0.o (exit)
c:/st/stm32cubeide_1.4.0/stm32cubeide/plugins/com.st.stm32cube.ide.mcu.externaltools.gnu-tools-for-stm32.7-2018-q2-update.win32_1.5.0.202011040924/tools/bin/../lib/gcc/arm-none-eabi/7.3.1/../../../../arm-none-eabi/lib/thumb/v7e-m/fpv4-sp/hard\libc_nano.a(lib_a-impure.o)
                              c:/st/stm32cubeide_1.4.0/stm32cubeide/plugins/com.st.stm32cube.ide.mcu.externaltools.gnu-tools-for-stm32.7-2018-q2-update.win32_1.5.0.202011040924/tools/bin/../lib/gcc/arm-none-eabi/7.3.1/../../../../arm-none-eabi/lib/thumb/v7e-m/fpv4-sp/hard\libc_nano.a(lib_a-exit.o) (_global_impure_ptr)
c:/st/stm32cubeide_1.4.0/stm32cubeide/plugins/com.st.stm32cube.ide.mcu.externaltools.gnu-tools-for-stm32.7-2018-q2-update.win32_1.5.0.202011040924/tools/bin/../lib/gcc/arm-none-eabi/7.3.1/../../../../arm-none-eabi/lib/thumb/v7e-m/fpv4-sp/hard\libc_nano.a(lib_a-init.o)
                              c:/st/stm32cubeide_1.4.0/stm32cubeide/plugins/com.st.stm32cube.ide.mcu.externaltools.gnu-tools-for-stm32.7-2018-q2-update.win32_1.5.0.202011040924/tools/bin/../lib/gcc/arm-none-eabi/7.3.1/../../../../arm-none-eabi/lib/thumb/v7e-m/fpv4-sp/hard/crt0.o (__libc_init_array)
c:/st/stm32cubeide_1.4.0/stm32cubeide/plugins/com.st.stm32cube.ide.mcu.externaltools.gnu-tools-for-stm32.7-2018-q2-update.win32_1.5.0.202011040924/tools/bin/../lib/gcc/arm-none-eabi/7.3.1/../../../../arm-none-eabi/lib/thumb/v7e-m/fpv4-sp/hard\libc_nano.a(lib_a-memset.o)
                              c:/st/stm32cubeide_1.4.0/stm32cubeide/plugins/com.st.stm32cube.ide.mcu.externaltools.gnu-tools-for-stm32.7-2018-q2-update.win32_1.5.0.202011040924/tools/bin/../lib/gcc/arm-none-eabi/7.3.1/../../../../arm-none-eabi/lib/thumb/v7e-m/fpv4-sp/hard/crt0.o (memset)
c:/st/stm32cubeide_1.4.0/stm32cubeide/plugins/com.st.stm32cube.ide.mcu.externaltools.gnu-tools-for-stm32.7-2018-q2-update.win32_1.5.0.202011040924/tools/bin/../lib/gcc/arm-none-eabi/7.3.1/thumb/v7e-m/fpv4-sp/hard\libgcc.a(_aeabi_uldivmod.o)
                              Drivers/STM32L4xx_HAL_Driver/Src/stm32l4xx_hal_uart.o (__aeabi_uldivmod)
c:/st/stm32cubeide_1.4.0/stm32cubeide/plugins/com.st.stm32cube.ide.mcu.externaltools.gnu-tools-for-stm32.7-2018-q2-update.win32_1.5.0.202011040924/tools/bin/../lib/gcc/arm-none-eabi/7.3.1/thumb/v7e-m/fpv4-sp/hard\libgcc.a(_udivmoddi4.o)
                              c:/st/stm32cubeide_1.4.0/stm32cubeide/plugins/com.st.stm32cube.ide.mcu.externaltools.gnu-tools-for-stm32.7-2018-q2-update.win32_1.5.0.202011040924/tools/bin/../lib/gcc/arm-none-eabi/7.3.1/thumb/v7e-m/fpv4-sp/hard\libgcc.a(_aeabi_uldivmod.o) (__udivmoddi4)
c:/st/stm32cubeide_1.4.0/stm32cubeide/plugins/com.st.stm32cube.ide.mcu.externaltools.gnu-tools-for-stm32.7-2018-q2-update.win32_1.5.0.202011040924/tools/bin/../lib/gcc/arm-none-eabi/7.3.1/thumb/v7e-m/fpv4-sp/hard\libgcc.a(_dvmd_tls.o)
                              c:/st/stm32cubeide_1.4.0/stm32cubeide/plugins/com.st.stm32cube.ide.mcu.externaltools.gnu-tools-for-stm32.7-2018-q2-update.win32_1.5.0.202011040924/tools/bin/../lib/gcc/arm-none-eabi/7.3.1/thumb/v7e-m/fpv4-sp/hard\libgcc.a(_aeabi_uldivmod.o) (__aeabi_ldiv0)

Allocating common symbols
Common symbol       size              file

uwTick              0x4               Drivers/STM32L4xx_HAL_Driver/Src/stm32l4xx_hal.o
htim1               0x4c              Core/Src/tim.o
htim2               0x4c              Core/Src/tim.o
huart2              0x80              Core/Src/usart.o

Discarded input sections

 .text          0x0000000000000000        0x0 c:/st/stm32cubeide_1.4.0/stm32cubeide/plugins/com.st.stm32cube.ide.mcu.externaltools.gnu-tools-for-stm32.7-2018-q2-update.win32_1.5.0.202011040924/tools/bin/../lib/gcc/arm-none-eabi/7.3.1/thumb/v7e-m/fpv4-sp/hard/crti.o
 .data          0x0000000000000000        0x0 c:/st/stm32cubeide_1.4.0/stm32cubeide/plugins/com.st.stm32cube.ide.mcu.externaltools.gnu-tools-for-stm32.7-2018-q2-update.win32_1.5.0.202011040924/tools/bin/../lib/gcc/arm-none-eabi/7.3.1/thumb/v7e-m/fpv4-sp/hard/crti.o
[...]
Memory Configuration

Name             Origin             Length             Attributes
RAM              0x0000000020000000 0x0000000000018000 xrw
RAM2             0x0000000010000000 0x0000000000008000 xrw
FLASH            0x0000000008000000 0x0000000000100000 xr
*default*        0x0000000000000000 0xffffffffffffffff

Linker script and memory map

LOAD c:/st/stm32cubeide_1.4.0/stm32cubeide/plugins/com.st.stm32cube.ide.mcu.externaltools.gnu-tools-for-stm32.7-2018-q2-update.win32_1.5.0.202011040924/tools/bin/../lib/gcc/arm-none-eabi/7.3.1/thumb/v7e-m/fpv4-sp/hard/crti.o
LOAD c:/st/stm32cubeide_1.4.0/stm32cubeide/plugins/com.st.stm32cube.ide.mcu.externaltools.gnu-tools-for-stm32.7-2018-q2-update.win32_1.5.0.202011040924/tools/bin/../lib/gcc/arm-none-eabi/7.3.1/thumb/v7e-m/fpv4-sp/hard/crtbegin.o
LOAD c:/st/stm32cubeide_1.4.0/stm32cubeide/plugins/com.st.stm32cube.ide.mcu.externaltools.gnu-tools-for-stm32.7-2018-q2-update.win32_1.5.0.202011040924/tools/bin/../lib/gcc/arm-none-eabi/7.3.1/../../../../arm-none-eabi/lib/thumb/v7e-m/fpv4-sp/hard/crt0.o
LOAD Core/Src/gpio.o
LOAD Core/Src/main.o
LOAD Core/Src/stepper.o
LOAD Core/Src/stm32l4xx_hal_msp.o
LOAD Core/Src/stm32l4xx_it.o
LOAD Core/Src/syscalls.o
LOAD Core/Src/sysmem.o
LOAD Core/Src/system_stm32l4xx.o
LOAD Core/Src/tim.o
LOAD Core/Src/usart.o
LOAD Core/Startup/startup_stm32l476rgtx.o
LOAD Drivers/STM32L4xx_HAL_Driver/Src/stm32l4xx_hal.o
LOAD Drivers/STM32L4xx_HAL_Driver/Src/stm32l4xx_hal_cortex.o
LOAD Drivers/STM32L4xx_HAL_Driver/Src/stm32l4xx_hal_dma.o
LOAD Drivers/STM32L4xx_HAL_Driver/Src/stm32l4xx_hal_dma_ex.o
LOAD Drivers/STM32L4xx_HAL_Driver/Src/stm32l4xx_hal_exti.o
LOAD Drivers/STM32L4xx_HAL_Driver/Src/stm32l4xx_hal_flash.o
LOAD Drivers/STM32L4xx_HAL_Driver/Src/stm32l4xx_hal_flash_ex.o
LOAD Drivers/STM32L4xx_HAL_Driver/Src/stm32l4xx_hal_flash_ramfunc.o
LOAD Drivers/STM32L4xx_HAL_Driver/Src/stm32l4xx_hal_gpio.o
LOAD Drivers/STM32L4xx_HAL_Driver/Src/stm32l4xx_hal_i2c.o
LOAD Drivers/STM32L4xx_HAL_Driver/Src/stm32l4xx_hal_i2c_ex.o
LOAD Drivers/STM32L4xx_HAL_Driver/Src/stm32l4xx_hal_pwr.o
LOAD Drivers/STM32L4xx_HAL_Driver/Src/stm32l4xx_hal_pwr_ex.o
LOAD Drivers/STM32L4xx_HAL_Driver/Src/stm32l4xx_hal_rcc.o
LOAD Drivers/STM32L4xx_HAL_Driver/Src/stm32l4xx_hal_rcc_ex.o
LOAD Drivers/STM32L4xx_HAL_Driver/Src/stm32l4xx_hal_tim.o
LOAD Drivers/STM32L4xx_HAL_Driver/Src/stm32l4xx_hal_tim_ex.o
LOAD Drivers/STM32L4xx_HAL_Driver/Src/stm32l4xx_hal_uart.o
LOAD Drivers/STM32L4xx_HAL_Driver/Src/stm32l4xx_hal_uart_ex.o
START GROUP
LOAD c:/st/stm32cubeide_1.4.0/stm32cubeide/plugins/com.st.stm32cube.ide.mcu.externaltools.gnu-tools-for-stm32.7-2018-q2-update.win32_1.5.0.202011040924/tools/bin/../lib/gcc/arm-none-eabi/7.3.1/../../../../arm-none-eabi/lib/thumb/v7e-m/fpv4-sp/hard\libc_nano.a
LOAD c:/st/stm32cubeide_1.4.0/stm32cubeide/plugins/com.st.stm32cube.ide.mcu.externaltools.gnu-tools-for-stm32.7-2018-q2-update.win32_1.5.0.202011040924/tools/bin/../lib/gcc/arm-none-eabi/7.3.1/../../../../arm-none-eabi/lib/thumb/v7e-m/fpv4-sp/hard\libm.a
END GROUP
START GROUP
LOAD c:/st/stm32cubeide_1.4.0/stm32cubeide/plugins/com.st.stm32cube.ide.mcu.externaltools.gnu-tools-for-stm32.7-2018-q2-update.win32_1.5.0.202011040924/tools/bin/../lib/gcc/arm-none-eabi/7.3.1/thumb/v7e-m/fpv4-sp/hard\libgcc.a
LOAD c:/st/stm32cubeide_1.4.0/stm32cubeide/plugins/com.st.stm32cube.ide.mcu.externaltools.gnu-tools-for-stm32.7-2018-q2-update.win32_1.5.0.202011040924/tools/bin/../lib/gcc/arm-none-eabi/7.3.1/../../../../arm-none-eabi/lib/thumb/v7e-m/fpv4-sp/hard\libc_nano.a
END GROUP
START GROUP
LOAD c:/st/stm32cubeide_1.4.0/stm32cubeide/plugins/com.st.stm32cube.ide.mcu.externaltools.gnu-tools-for-stm32.7-2018-q2-update.win32_1.5.0.202011040924/tools/bin/../lib/gcc/arm-none-eabi/7.3.1/thumb/v7e-m/fpv4-sp/hard\libgcc.a
LOAD c:/st/stm32cubeide_1.4.0/stm32cubeide/plugins/com.st.stm32cube.ide.mcu.externaltools.gnu-tools-for-stm32.7-2018-q2-update.win32_1.5.0.202011040924/tools/bin/../lib/gcc/arm-none-eabi/7.3.1/../../../../arm-none-eabi/lib/thumb/v7e-m/fpv4-sp/hard\libc_nano.a
LOAD c:/st/stm32cubeide_1.4.0/stm32cubeide/plugins/com.st.stm32cube.ide.mcu.externaltools.gnu-tools-for-stm32.7-2018-q2-update.win32_1.5.0.202011040924/tools/bin/../lib/gcc/arm-none-eabi/7.3.1/../../../../arm-none-eabi/lib/thumb/v7e-m/fpv4-sp/hard\libnosys.a
END GROUP
START GROUP
LOAD c:/st/stm32cubeide_1.4.0/stm32cubeide/plugins/com.st.stm32cube.ide.mcu.externaltools.gnu-tools-for-stm32.7-2018-q2-update.win32_1.5.0.202011040924/tools/bin/../lib/gcc/arm-none-eabi/7.3.1/thumb/v7e-m/fpv4-sp/hard\libgcc.a
LOAD c:/st/stm32cubeide_1.4.0/stm32cubeide/plugins/com.st.stm32cube.ide.mcu.externaltools.gnu-tools-for-stm32.7-2018-q2-update.win32_1.5.0.202011040924/tools/bin/../lib/gcc/arm-none-eabi/7.3.1/../../../../arm-none-eabi/lib/thumb/v7e-m/fpv4-sp/hard\libc_nano.a
LOAD c:/st/stm32cubeide_1.4.0/stm32cubeide/plugins/com.st.stm32cube.ide.mcu.externaltools.gnu-tools-for-stm32.7-2018-q2-update.win32_1.5.0.202011040924/tools/bin/../lib/gcc/arm-none-eabi/7.3.1/../../../../arm-none-eabi/lib/thumb/v7e-m/fpv4-sp/hard\libnosys.a
END GROUP
LOAD c:/st/stm32cubeide_1.4.0/stm32cubeide/plugins/com.st.stm32cube.ide.mcu.externaltools.gnu-tools-for-stm32.7-2018-q2-update.win32_1.5.0.202011040924/tools/bin/../lib/gcc/arm-none-eabi/7.3.1/thumb/v7e-m/fpv4-sp/hard/crtend.o
LOAD c:/st/stm32cubeide_1.4.0/stm32cubeide/plugins/com.st.stm32cube.ide.mcu.externaltools.gnu-tools-for-stm32.7-2018-q2-update.win32_1.5.0.202011040924/tools/bin/../lib/gcc/arm-none-eabi/7.3.1/thumb/v7e-m/fpv4-sp/hard/crtn.o
                0x0000000020018000                _estack = (ORIGIN (RAM) + LENGTH (RAM))
                0x0000000000000200                _Min_Heap_Size = 0x200
                0x0000000000000400                _Min_Stack_Size = 0x400

.isr_vector     0x0000000008000000      0x188
                0x0000000008000000                . = ALIGN (0x4)
 *(.isr_vector)
 .isr_vector    0x0000000008000000      0x188 Core/Startup/startup_stm32l476rgtx.o
                0x0000000008000000                g_pfnVectors
                0x0000000008000188                . = ALIGN (0x4)

.text           0x0000000008000188     0x4ad4
                0x0000000008000188                . = ALIGN (0x4)
 *(.text)
 .text          0x0000000008000188       0x40 c:/st/stm32cubeide_1.4.0/stm32cubeide/plugins/com.st.stm32cube.ide.mcu.externaltools.gnu-tools-for-stm32.7-2018-q2-update.win32_1.5.0.202011040924/tools/bin/../lib/gcc/arm-none-eabi/7.3.1/thumb/v7e-m/fpv4-sp/hard/crtbegin.o
 .text          0x00000000080001c8       0x30 c:/st/stm32cubeide_1.4.0/stm32cubeide/plugins/com.st.stm32cube.ide.mcu.externaltools.gnu-tools-for-stm32.7-2018-q2-update.win32_1.5.0.202011040924/tools/bin/../lib/gcc/arm-none-eabi/7.3.1/thumb/v7e-m/fpv4-sp/hard\libgcc.a(_aeabi_uldivmod.o)
                0x00000000080001c8                __aeabi_uldivmod
 .text          0x00000000080001f8      0x2cc c:/st/stm32cubeide_1.4.0/stm32cubeide/plugins/com.st.stm32cube.ide.mcu.externaltools.gnu-tools-for-stm32.7-2018-q2-update.win32_1.5.0.202011040924/tools/bin/../lib/gcc/arm-none-eabi/7.3.1/thumb/v7e-m/fpv4-sp/hard\libgcc.a(_udivmoddi4.o)
                0x00000000080001f8                __udivmoddi4
 .text          0x00000000080004c4        0x4 c:/st/stm32cubeide_1.4.0/stm32cubeide/plugins/com.st.stm32cube.ide.mcu.externaltools.gnu-tools-for-stm32.7-2018-q2-update.win32_1.5.0.202011040924/tools/bin/../lib/gcc/arm-none-eabi/7.3.1/thumb/v7e-m/fpv4-sp/hard\libgcc.a(_dvmd_tls.o)
                0x00000000080004c4                __aeabi_idiv0
                0x00000000080004c4                __aeabi_ldiv0
 *(.text*)
 .text.MX_GPIO_Init
                0x00000000080004c8       0xd4 Core/Src/gpio.o
                0x00000000080004c8                MX_GPIO_Init
 .text.main     0x000000000800059c       0x7c Core/Src/main.o
                0x000000000800059c                main
 .text.SystemClock_Config
                0x0000000008000618       0xea Core/Src/main.o
                0x0000000008000618                SystemClock_Config
 *fill*         0x0000000008000702        0x2 
 .text.HAL_TIM_PWM_PulseFinishedCallback
                0x0000000008000704       0x4c Core/Src/main.o
                0x0000000008000704                HAL_TIM_PWM_PulseFinishedCallback
 .text.Error_Handler
                0x0000000008000750        0x8 Core/Src/main.o
                0x0000000008000750                Error_Handler
 .text.stepper_init
                0x0000000008000758       0x2a Core/Src/stepper.o
                0x0000000008000758                stepper_init
 .text.stepper_set_ramp_profile
                0x0000000008000782       0x38 Core/Src/stepper.o
                0x0000000008000782                stepper_set_ramp_profile
 *fill*         0x00000000080007ba        0x2 
 .text.stepper_set_angle
                0x00000000080007bc       0x70 Core/Src/stepper.o
                0x00000000080007bc                stepper_set_angle
 .text.stepper_imediate_stop
                0x000000000800082c       0x96 Core/Src/stepper.o
                0x000000000800082c                stepper_imediate_stop
 .text.stepper_stop_with_profile
                0x00000000080008c2       0x22 Core/Src/stepper.o
                0x00000000080008c2                stepper_stop_with_profile
 .text.stepper_set_direction
                0x00000000080008e4       0x3e Core/Src/stepper.o
                0x00000000080008e4                stepper_set_direction
 *fill*         0x0000000008000922        0x2 
 .text.stepper_set_speed
                0x0000000008000924      0x10c Core/Src/stepper.o
                0x0000000008000924                stepper_set_speed
 .text.stepper_ramp_init
                0x0000000008000a30       0x34 Core/Src/stepper.o
                0x0000000008000a30                stepper_ramp_init
 .text.stepper_ramp_init_linear_mode
                0x0000000008000a64       0xe4 Core/Src/stepper.o
                0x0000000008000a64                stepper_ramp_init_linear_mode
 .text.stepper_ramp_process
                0x0000000008000b48       0x68 Core/Src/stepper.o
                0x0000000008000b48                stepper_ramp_process
 .text.stepper_ramp_process_linear_mode
                0x0000000008000bb0      0x11c Core/Src/stepper.o
                0x0000000008000bb0                stepper_ramp_process_linear_mode
 .text.HAL_MspInit
                0x0000000008000ccc       0x48 Core/Src/stm32l4xx_hal_msp.o
                0x0000000008000ccc                HAL_MspInit
 .text.NMI_Handler
                0x0000000008000d14        0x6 Core/Src/stm32l4xx_it.o
                0x0000000008000d14                NMI_Handler
 .text.HardFault_Handler
                0x0000000008000d1a        0x6 Core/Src/stm32l4xx_it.o
                0x0000000008000d1a                HardFault_Handler
 .text.MemManage_Handler
                0x0000000008000d20        0x6 Core/Src/stm32l4xx_it.o
                0x0000000008000d20                MemManage_Handler
 .text.BusFault_Handler
                0x0000000008000d26        0x6 Core/Src/stm32l4xx_it.o
                0x0000000008000d26                BusFault_Handler
 .text.UsageFault_Handler
                0x0000000008000d2c        0x6 Core/Src/stm32l4xx_it.o
                0x0000000008000d2c                UsageFault_Handler
 .text.SVC_Handler
                0x0000000008000d32        0xe Core/Src/stm32l4xx_it.o
                0x0000000008000d32                SVC_Handler
 .text.DebugMon_Handler
                0x0000000008000d40        0xe Core/Src/stm32l4xx_it.o
                0x0000000008000d40                DebugMon_Handler
 .text.PendSV_Handler
                0x0000000008000d4e        0xe Core/Src/stm32l4xx_it.o
                0x0000000008000d4e                PendSV_Handler
 .text.SysTick_Handler
                0x0000000008000d5c        0xc Core/Src/stm32l4xx_it.o
                0x0000000008000d5c                SysTick_Handler
 .text.TIM1_UP_TIM16_IRQHandler
                0x0000000008000d68       0x14 Core/Src/stm32l4xx_it.o
                0x0000000008000d68                TIM1_UP_TIM16_IRQHandler
 .text.TIM2_IRQHandler
                0x0000000008000d7c       0x14 Core/Src/stm32l4xx_it.o
                0x0000000008000d7c                TIM2_IRQHandler
 .text.SystemInit
                0x0000000008000d90       0x6c Core/Src/system_stm32l4xx.o
                0x0000000008000d90                SystemInit
 .text.MX_TIM1_Init
                0x0000000008000dfc       0xac Core/Src/tim.o
                0x0000000008000dfc                MX_TIM1_Init
 .text.MX_TIM2_Init
                0x0000000008000ea8       0xb4 Core/Src/tim.o
                0x0000000008000ea8                MX_TIM2_Init
 .text.HAL_TIM_Base_MspInit
                0x0000000008000f5c       0x4c Core/Src/tim.o
                0x0000000008000f5c                HAL_TIM_Base_MspInit
 .text.HAL_TIM_PWM_MspInit
                0x0000000008000fa8       0x48 Core/Src/tim.o
                0x0000000008000fa8                HAL_TIM_PWM_MspInit
 .text.HAL_TIM_MspPostInit
                0x0000000008000ff0       0x6c Core/Src/tim.o
                0x0000000008000ff0                HAL_TIM_MspPostInit
 .text.MX_USART2_UART_Init
                0x000000000800105c       0x60 Core/Src/usart.o
                0x000000000800105c                MX_USART2_UART_Init
 .text.HAL_UART_MspInit
                0x00000000080010bc       0x84 Core/Src/usart.o
                0x00000000080010bc                HAL_UART_MspInit
 .text.Reset_Handler
                0x0000000008001140       0x50 Core/Startup/startup_stm32l476rgtx.o
                0x0000000008001140                Reset_Handler
 .text.Default_Handler
                0x0000000008001190        0x2 Core/Startup/startup_stm32l476rgtx.o
                0x0000000008001190                RTC_Alarm_IRQHandler
                0x0000000008001190                EXTI2_IRQHandler
                0x0000000008001190                TIM8_TRG_COM_IRQHandler
                0x0000000008001190                TIM8_CC_IRQHandler
                0x0000000008001190                TIM1_CC_IRQHandler
                0x0000000008001190                TSC_IRQHandler
                0x0000000008001190                TAMP_STAMP_IRQHandler
                0x0000000008001190                EXTI3_IRQHandler
                0x0000000008001190                LPTIM2_IRQHandler
                0x0000000008001190                DFSDM1_FLT1_IRQHandler
                0x0000000008001190                I2C3_ER_IRQHandler
                0x0000000008001190                DFSDM1_FLT2_IRQHandler
                0x0000000008001190                EXTI0_IRQHandler
                0x0000000008001190                I2C2_EV_IRQHandler
                0x0000000008001190                CAN1_RX0_IRQHandler
                0x0000000008001190                FPU_IRQHandler
                0x0000000008001190                ADC1_2_IRQHandler
                0x0000000008001190                SPI1_IRQHandler
                0x0000000008001190                TIM6_DAC_IRQHandler
                0x0000000008001190                TIM8_UP_IRQHandler
                0x0000000008001190                DMA2_Channel2_IRQHandler
                0x0000000008001190                DMA1_Channel4_IRQHandler
                0x0000000008001190                SAI2_IRQHandler
                0x0000000008001190                DFSDM1_FLT3_IRQHandler
                0x0000000008001190                USART3_IRQHandler
                0x0000000008001190                DMA1_Channel7_IRQHandler
                0x0000000008001190                CAN1_RX1_IRQHandler
                0x0000000008001190                LCD_IRQHandler
                0x0000000008001190                UART5_IRQHandler
                0x0000000008001190                ADC3_IRQHandler
                0x0000000008001190                TIM4_IRQHandler
                0x0000000008001190                DMA2_Channel1_IRQHandler
                0x0000000008001190                QUADSPI_IRQHandler
                0x0000000008001190                I2C1_EV_IRQHandler
                0x0000000008001190                DMA1_Channel6_IRQHandler
                0x0000000008001190                UART4_IRQHandler
                0x0000000008001190                DMA2_Channel4_IRQHandler
                0x0000000008001190                TIM3_IRQHandler
                0x0000000008001190                RCC_IRQHandler
                0x0000000008001190                DMA1_Channel1_IRQHandler
                0x0000000008001190                Default_Handler
                0x0000000008001190                DMA2_Channel7_IRQHandler
                0x0000000008001190                EXTI15_10_IRQHandler
                0x0000000008001190                TIM7_IRQHandler
                0x0000000008001190                SDMMC1_IRQHandler
                0x0000000008001190                TIM5_IRQHandler
                0x0000000008001190                I2C3_EV_IRQHandler
                0x0000000008001190                EXTI9_5_IRQHandler
                0x0000000008001190                RTC_WKUP_IRQHandler
                0x0000000008001190                PVD_PVM_IRQHandler
                0x0000000008001190                SPI2_IRQHandler
                0x0000000008001190                CAN1_TX_IRQHandler
                0x0000000008001190                DMA2_Channel5_IRQHandler
                0x0000000008001190                DMA1_Channel5_IRQHandler
                0x0000000008001190                EXTI4_IRQHandler
                0x0000000008001190                RNG_IRQHandler
                0x0000000008001190                TIM1_TRG_COM_TIM17_IRQHandler
                0x0000000008001190                DMA1_Channel3_IRQHandler
                0x0000000008001190                COMP_IRQHandler
                0x0000000008001190                WWDG_IRQHandler
                0x0000000008001190                LPUART1_IRQHandler
                0x0000000008001190                DMA2_Channel6_IRQHandler
                0x0000000008001190                EXTI1_IRQHandler
                0x0000000008001190                USART2_IRQHandler
                0x0000000008001190                DFSDM1_FLT0_IRQHandler
                0x0000000008001190                I2C2_ER_IRQHandler
                0x0000000008001190                DMA1_Channel2_IRQHandler
                0x0000000008001190                TIM8_BRK_IRQHandler
                0x0000000008001190                CAN1_SCE_IRQHandler
                0x0000000008001190                FLASH_IRQHandler
                0x0000000008001190                USART1_IRQHandler
                0x0000000008001190                OTG_FS_IRQHandler
                0x0000000008001190                SPI3_IRQHandler
                0x0000000008001190                I2C1_ER_IRQHandler
                0x0000000008001190                FMC_IRQHandler
                0x0000000008001190                SWPMI1_IRQHandler
                0x0000000008001190                LPTIM1_IRQHandler
                0x0000000008001190                SAI1_IRQHandler
                0x0000000008001190                DMA2_Channel3_IRQHandler
                0x0000000008001190                TIM1_BRK_TIM15_IRQHandler
 *fill*         0x0000000008001192        0x2 
 .text.HAL_Init
                0x0000000008001194       0x40 Drivers/STM32L4xx_HAL_Driver/Src/stm32l4xx_hal.o
                0x0000000008001194                HAL_Init
 .text.HAL_InitTick
                0x00000000080011d4       0x78 Drivers/STM32L4xx_HAL_Driver/Src/stm32l4xx_hal.o
                0x00000000080011d4                HAL_InitTick
 .text.HAL_IncTick
                0x000000000800124c       0x28 Drivers/STM32L4xx_HAL_Driver/Src/stm32l4xx_hal.o
                0x000000000800124c                HAL_IncTick
 .text.HAL_GetTick
                0x0000000008001274       0x18 Drivers/STM32L4xx_HAL_Driver/Src/stm32l4xx_hal.o
                0x0000000008001274                HAL_GetTick
 .text.HAL_Delay
                0x000000000800128c       0x44 Drivers/STM32L4xx_HAL_Driver/Src/stm32l4xx_hal.o
                0x000000000800128c                HAL_Delay
 .text.__NVIC_SetPriorityGrouping
                0x00000000080012d0       0x48 Drivers/STM32L4xx_HAL_Driver/Src/stm32l4xx_hal_cortex.o
 .text.__NVIC_GetPriorityGrouping
                0x0000000008001318       0x1c Drivers/STM32L4xx_HAL_Driver/Src/stm32l4xx_hal_cortex.o
 .text.__NVIC_EnableIRQ
                0x0000000008001334       0x3c Drivers/STM32L4xx_HAL_Driver/Src/stm32l4xx_hal_cortex.o
 .text.__NVIC_SetPriority
                0x0000000008001370       0x54 Drivers/STM32L4xx_HAL_Driver/Src/stm32l4xx_hal_cortex.o
 .text.NVIC_EncodePriority
                0x00000000080013c4       0x66 Drivers/STM32L4xx_HAL_Driver/Src/stm32l4xx_hal_cortex.o
 *fill*         0x000000000800142a        0x2 
 .text.SysTick_Config
                0x000000000800142c       0x44 Drivers/STM32L4xx_HAL_Driver/Src/stm32l4xx_hal_cortex.o
 .text.HAL_NVIC_SetPriorityGrouping
                0x0000000008001470       0x16 Drivers/STM32L4xx_HAL_Driver/Src/stm32l4xx_hal_cortex.o
                0x0000000008001470                HAL_NVIC_SetPriorityGrouping
 .text.HAL_NVIC_SetPriority
                0x0000000008001486       0x38 Drivers/STM32L4xx_HAL_Driver/Src/stm32l4xx_hal_cortex.o
                0x0000000008001486                HAL_NVIC_SetPriority
 .text.HAL_NVIC_EnableIRQ
                0x00000000080014be       0x1c Drivers/STM32L4xx_HAL_Driver/Src/stm32l4xx_hal_cortex.o
                0x00000000080014be                HAL_NVIC_EnableIRQ
 .text.HAL_SYSTICK_Config
                0x00000000080014da       0x18 Drivers/STM32L4xx_HAL_Driver/Src/stm32l4xx_hal_cortex.o
                0x00000000080014da                HAL_SYSTICK_Config
 *fill*         0x00000000080014f2        0x2 
 .text.HAL_GPIO_Init
                0x00000000080014f4      0x350 Drivers/STM32L4xx_HAL_Driver/Src/stm32l4xx_hal_gpio.o
                0x00000000080014f4                HAL_GPIO_Init
 .text.HAL_GPIO_ReadPin
                0x0000000008001844       0x30 Drivers/STM32L4xx_HAL_Driver/Src/stm32l4xx_hal_gpio.o
                0x0000000008001844                HAL_GPIO_ReadPin
 .text.HAL_GPIO_WritePin
                0x0000000008001874       0x30 Drivers/STM32L4xx_HAL_Driver/Src/stm32l4xx_hal_gpio.o
                0x0000000008001874                HAL_GPIO_WritePin
 .text.HAL_PWREx_GetVoltageRange
                0x00000000080018a4       0x1c Drivers/STM32L4xx_HAL_Driver/Src/stm32l4xx_hal_pwr_ex.o
                0x00000000080018a4                HAL_PWREx_GetVoltageRange
 .text.HAL_PWREx_ControlVoltageScaling
                0x00000000080018c0       0xac Drivers/STM32L4xx_HAL_Driver/Src/stm32l4xx_hal_pwr_ex.o
                0x00000000080018c0                HAL_PWREx_ControlVoltageScaling
 .text.HAL_RCC_OscConfig
                0x000000000800196c      0x7cc Drivers/STM32L4xx_HAL_Driver/Src/stm32l4xx_hal_rcc.o
                0x000000000800196c                HAL_RCC_OscConfig
 .text.HAL_RCC_ClockConfig
                0x0000000008002138      0x1c4 Drivers/STM32L4xx_HAL_Driver/Src/stm32l4xx_hal_rcc.o
                0x0000000008002138                HAL_RCC_ClockConfig
 .text.HAL_RCC_GetSysClockFreq
                0x00000000080022fc      0x114 Drivers/STM32L4xx_HAL_Driver/Src/stm32l4xx_hal_rcc.o
                0x00000000080022fc                HAL_RCC_GetSysClockFreq
 .text.HAL_RCC_GetHCLKFreq
                0x0000000008002410       0x18 Drivers/STM32L4xx_HAL_Driver/Src/stm32l4xx_hal_rcc.o
                0x0000000008002410                HAL_RCC_GetHCLKFreq
 .text.HAL_RCC_GetPCLK1Freq
                0x0000000008002428       0x2c Drivers/STM32L4xx_HAL_Driver/Src/stm32l4xx_hal_rcc.o
                0x0000000008002428                HAL_RCC_GetPCLK1Freq
 .text.HAL_RCC_GetPCLK2Freq
                0x0000000008002454       0x2c Drivers/STM32L4xx_HAL_Driver/Src/stm32l4xx_hal_rcc.o
                0x0000000008002454                HAL_RCC_GetPCLK2Freq
 .text.RCC_SetFlashLatencyFromMSIRange
                0x0000000008002480       0xc0 Drivers/STM32L4xx_HAL_Driver/Src/stm32l4xx_hal_rcc.o
 .text.HAL_RCCEx_PeriphCLKConfig
                0x0000000008002540      0x5cc Drivers/STM32L4xx_HAL_Driver/Src/stm32l4xx_hal_rcc_ex.o
                0x0000000008002540                HAL_RCCEx_PeriphCLKConfig
 .text.RCCEx_PLLSAI1_Config
                0x0000000008002b0c      0x1e0 Drivers/STM32L4xx_HAL_Driver/Src/stm32l4xx_hal_rcc_ex.o
 .text.RCCEx_PLLSAI2_Config
                0x0000000008002cec      0x1b4 Drivers/STM32L4xx_HAL_Driver/Src/stm32l4xx_hal_rcc_ex.o
 .text.HAL_TIM_Base_Init
                0x0000000008002ea0       0xae Drivers/STM32L4xx_HAL_Driver/Src/stm32l4xx_hal_tim.o
                0x0000000008002ea0                HAL_TIM_Base_Init
 .text.HAL_TIM_PWM_Init
                0x0000000008002f4e       0xae Drivers/STM32L4xx_HAL_Driver/Src/stm32l4xx_hal_tim.o
                0x0000000008002f4e                HAL_TIM_PWM_Init
 .text.HAL_TIM_PWM_Stop
                0x0000000008002ffc      0x12c Drivers/STM32L4xx_HAL_Driver/Src/stm32l4xx_hal_tim.o
                0x0000000008002ffc                HAL_TIM_PWM_Stop
 .text.HAL_TIM_PWM_Start_IT
                0x0000000008003128      0x298 Drivers/STM32L4xx_HAL_Driver/Src/stm32l4xx_hal_tim.o
                0x0000000008003128                HAL_TIM_PWM_Start_IT
 .text.HAL_TIM_IRQHandler
                0x00000000080033c0      0x23e Drivers/STM32L4xx_HAL_Driver/Src/stm32l4xx_hal_tim.o
                0x00000000080033c0                HAL_TIM_IRQHandler
 *fill*         0x00000000080035fe        0x2 
 .text.HAL_TIM_PWM_ConfigChannel
                0x0000000008003600      0x220 Drivers/STM32L4xx_HAL_Driver/Src/stm32l4xx_hal_tim.o
                0x0000000008003600                HAL_TIM_PWM_ConfigChannel
 .text.HAL_TIM_SlaveConfigSynchro
                0x0000000008003820       0x84 Drivers/STM32L4xx_HAL_Driver/Src/stm32l4xx_hal_tim.o
                0x0000000008003820                HAL_TIM_SlaveConfigSynchro
 .text.HAL_TIM_PeriodElapsedCallback
                0x00000000080038a4       0x14 Drivers/STM32L4xx_HAL_Driver/Src/stm32l4xx_hal_tim.o
                0x00000000080038a4                HAL_TIM_PeriodElapsedCallback
 .text.HAL_TIM_OC_DelayElapsedCallback
                0x00000000080038b8       0x14 Drivers/STM32L4xx_HAL_Driver/Src/stm32l4xx_hal_tim.o
                0x00000000080038b8                HAL_TIM_OC_DelayElapsedCallback
 .text.HAL_TIM_IC_CaptureCallback
                0x00000000080038cc       0x14 Drivers/STM32L4xx_HAL_Driver/Src/stm32l4xx_hal_tim.o
                0x00000000080038cc                HAL_TIM_IC_CaptureCallback
 .text.HAL_TIM_TriggerCallback
                0x00000000080038e0       0x14 Drivers/STM32L4xx_HAL_Driver/Src/stm32l4xx_hal_tim.o
                0x00000000080038e0                HAL_TIM_TriggerCallback
 .text.TIM_Base_SetConfig
                0x00000000080038f4      0x134 Drivers/STM32L4xx_HAL_Driver/Src/stm32l4xx_hal_tim.o
                0x00000000080038f4                TIM_Base_SetConfig
 .text.TIM_OC1_SetConfig
                0x0000000008003a28      0x120 Drivers/STM32L4xx_HAL_Driver/Src/stm32l4xx_hal_tim.o
 .text.TIM_OC2_SetConfig
                0x0000000008003b48      0x114 Drivers/STM32L4xx_HAL_Driver/Src/stm32l4xx_hal_tim.o
                0x0000000008003b48                TIM_OC2_SetConfig
 .text.TIM_OC3_SetConfig
                0x0000000008003c5c      0x110 Drivers/STM32L4xx_HAL_Driver/Src/stm32l4xx_hal_tim.o
 .text.TIM_OC4_SetConfig
                0x0000000008003d6c       0xd4 Drivers/STM32L4xx_HAL_Driver/Src/stm32l4xx_hal_tim.o
 .text.TIM_OC5_SetConfig
                0x0000000008003e40       0xc8 Drivers/STM32L4xx_HAL_Driver/Src/stm32l4xx_hal_tim.o
 .text.TIM_OC6_SetConfig
                0x0000000008003f08       0xcc Drivers/STM32L4xx_HAL_Driver/Src/stm32l4xx_hal_tim.o
 .text.TIM_SlaveTimer_SetConfig
                0x0000000008003fd4      0x110 Drivers/STM32L4xx_HAL_Driver/Src/stm32l4xx_hal_tim.o
 .text.TIM_TI1_ConfigInputStage
                0x00000000080040e4       0x5e Drivers/STM32L4xx_HAL_Driver/Src/stm32l4xx_hal_tim.o
 .text.TIM_TI2_ConfigInputStage
                0x0000000008004142       0x60 Drivers/STM32L4xx_HAL_Driver/Src/stm32l4xx_hal_tim.o
 .text.TIM_ETR_SetConfig
                0x00000000080041a2       0x40 Drivers/STM32L4xx_HAL_Driver/Src/stm32l4xx_hal_tim.o
                0x00000000080041a2                TIM_ETR_SetConfig
 .text.TIM_CCxChannelCmd
                0x00000000080041e2       0x4a Drivers/STM32L4xx_HAL_Driver/Src/stm32l4xx_hal_tim.o
                0x00000000080041e2                TIM_CCxChannelCmd
 .text.HAL_TIMEx_MasterConfigSynchronization
                0x000000000800422c      0x110 Drivers/STM32L4xx_HAL_Driver/Src/stm32l4xx_hal_tim_ex.o
                0x000000000800422c                HAL_TIMEx_MasterConfigSynchronization
 .text.HAL_TIMEx_CommutCallback
                0x000000000800433c       0x14 Drivers/STM32L4xx_HAL_Driver/Src/stm32l4xx_hal_tim_ex.o
                0x000000000800433c                HAL_TIMEx_CommutCallback
 .text.HAL_TIMEx_BreakCallback
                0x0000000008004350       0x14 Drivers/STM32L4xx_HAL_Driver/Src/stm32l4xx_hal_tim_ex.o
                0x0000000008004350                HAL_TIMEx_BreakCallback
 .text.HAL_TIMEx_Break2Callback
                0x0000000008004364       0x14 Drivers/STM32L4xx_HAL_Driver/Src/stm32l4xx_hal_tim_ex.o
                0x0000000008004364                HAL_TIMEx_Break2Callback
 .text.HAL_UART_Init
                0x0000000008004378       0x9c Drivers/STM32L4xx_HAL_Driver/Src/stm32l4xx_hal_uart.o
                0x0000000008004378                HAL_UART_Init
 .text.UART_SetConfig
                0x0000000008004414      0x514 Drivers/STM32L4xx_HAL_Driver/Src/stm32l4xx_hal_uart.o
                0x0000000008004414                UART_SetConfig
 .text.UART_AdvFeatureConfig
                0x0000000008004928      0x144 Drivers/STM32L4xx_HAL_Driver/Src/stm32l4xx_hal_uart.o
                0x0000000008004928                UART_AdvFeatureConfig
 .text.UART_CheckIdleState
                0x0000000008004a6c       0x8a Drivers/STM32L4xx_HAL_Driver/Src/stm32l4xx_hal_uart.o
                0x0000000008004a6c                UART_CheckIdleState
 .text.UART_WaitOnFlagUntilTimeout
                0x0000000008004af6       0xf6 Drivers/STM32L4xx_HAL_Driver/Src/stm32l4xx_hal_uart.o
                0x0000000008004af6                UART_WaitOnFlagUntilTimeout
 .text.__libc_init_array
                0x0000000008004bec       0x48 c:/st/stm32cubeide_1.4.0/stm32cubeide/plugins/com.st.stm32cube.ide.mcu.externaltools.gnu-tools-for-stm32.7-2018-q2-update.win32_1.5.0.202011040924/tools/bin/../lib/gcc/arm-none-eabi/7.3.1/../../../../arm-none-eabi/lib/thumb/v7e-m/fpv4-sp/hard\libc_nano.a(lib_a-init.o)
                0x0000000008004bec                __libc_init_array
 .text.memset   0x0000000008004c34       0x10 c:/st/stm32cubeide_1.4.0/stm32cubeide/plugins/com.st.stm32cube.ide.mcu.externaltools.gnu-tools-for-stm32.7-2018-q2-update.win32_1.5.0.202011040924/tools/bin/../lib/gcc/arm-none-eabi/7.3.1/../../../../arm-none-eabi/lib/thumb/v7e-m/fpv4-sp/hard\libc_nano.a(lib_a-memset.o)
                0x0000000008004c34                memset
 *(.glue_7)
 .glue_7        0x0000000008004c44        0x0 linker stubs
 *(.glue_7t)
 .glue_7t       0x0000000008004c44        0x0 linker stubs
 *(.eh_frame)
 .eh_frame      0x0000000008004c44        0x0 c:/st/stm32cubeide_1.4.0/stm32cubeide/plugins/com.st.stm32cube.ide.mcu.externaltools.gnu-tools-for-stm32.7-2018-q2-update.win32_1.5.0.202011040924/tools/bin/../lib/gcc/arm-none-eabi/7.3.1/thumb/v7e-m/fpv4-sp/hard/crtbegin.o
 *(.init)
 .init          0x0000000008004c44        0x4 c:/st/stm32cubeide_1.4.0/stm32cubeide/plugins/com.st.stm32cube.ide.mcu.externaltools.gnu-tools-for-stm32.7-2018-q2-update.win32_1.5.0.202011040924/tools/bin/../lib/gcc/arm-none-eabi/7.3.1/thumb/v7e-m/fpv4-sp/hard/crti.o
                0x0000000008004c44                _init
 .init          0x0000000008004c48        0x8 c:/st/stm32cubeide_1.4.0/stm32cubeide/plugins/com.st.stm32cube.ide.mcu.externaltools.gnu-tools-for-stm32.7-2018-q2-update.win32_1.5.0.202011040924/tools/bin/../lib/gcc/arm-none-eabi/7.3.1/thumb/v7e-m/fpv4-sp/hard/crtn.o
 *(.fini)
 .fini          0x0000000008004c50        0x4 c:/st/stm32cubeide_1.4.0/stm32cubeide/plugins/com.st.stm32cube.ide.mcu.externaltools.gnu-tools-for-stm32.7-2018-q2-update.win32_1.5.0.202011040924/tools/bin/../lib/gcc/arm-none-eabi/7.3.1/thumb/v7e-m/fpv4-sp/hard/crti.o
                0x0000000008004c50                _fini
 .fini          0x0000000008004c54        0x8 c:/st/stm32cubeide_1.4.0/stm32cubeide/plugins/com.st.stm32cube.ide.mcu.externaltools.gnu-tools-for-stm32.7-2018-q2-update.win32_1.5.0.202011040924/tools/bin/../lib/gcc/arm-none-eabi/7.3.1/thumb/v7e-m/fpv4-sp/hard/crtn.o
                0x0000000008004c5c                . = ALIGN (0x4)
                0x0000000008004c5c                _etext = .

.vfp11_veneer   0x0000000008004c5c        0x0
 .vfp11_veneer  0x0000000008004c5c        0x0 linker stubs

.v4_bx          0x0000000008004c5c        0x0
 .v4_bx         0x0000000008004c5c        0x0 linker stubs

.iplt           0x0000000008004c5c        0x0
 .iplt          0x0000000008004c5c        0x0 c:/st/stm32cubeide_1.4.0/stm32cubeide/plugins/com.st.stm32cube.ide.mcu.externaltools.gnu-tools-for-stm32.7-2018-q2-update.win32_1.5.0.202011040924/tools/bin/../lib/gcc/arm-none-eabi/7.3.1/thumb/v7e-m/fpv4-sp/hard/crtbegin.o

.rodata         0x0000000008004c5c       0x48
                0x0000000008004c5c                . = ALIGN (0x4)
 *(.rodata)
 *(.rodata*)
 .rodata.AHBPrescTable
                0x0000000008004c5c       0x10 Core/Src/system_stm32l4xx.o
                0x0000000008004c5c                AHBPrescTable
 .rodata.APBPrescTable
                0x0000000008004c6c        0x8 Core/Src/system_stm32l4xx.o
                0x0000000008004c6c                APBPrescTable
 .rodata.MSIRangeTable
                0x0000000008004c74       0x30 Core/Src/system_stm32l4xx.o
                0x0000000008004c74                MSIRangeTable
                0x0000000008004ca4                . = ALIGN (0x4)

.ARM.extab      0x0000000008004ca4        0x0
                0x0000000008004ca4                . = ALIGN (0x4)
 *(.ARM.extab* .gnu.linkonce.armextab.*)
                0x0000000008004ca4                . = ALIGN (0x4)

.ARM            0x0000000008004ca4        0x8
                0x0000000008004ca4                . = ALIGN (0x4)
                0x0000000008004ca4                __exidx_start = .
 *(.ARM.exidx*)
 .ARM.exidx     0x0000000008004ca4        0x8 c:/st/stm32cubeide_1.4.0/stm32cubeide/plugins/com.st.stm32cube.ide.mcu.externaltools.gnu-tools-for-stm32.7-2018-q2-update.win32_1.5.0.202011040924/tools/bin/../lib/gcc/arm-none-eabi/7.3.1/thumb/v7e-m/fpv4-sp/hard\libgcc.a(_udivmoddi4.o)
                0x0000000008004cac                __exidx_end = .
                0x0000000008004cac                . = ALIGN (0x4)

.rel.dyn        0x0000000008004cac        0x0
 .rel.iplt      0x0000000008004cac        0x0 c:/st/stm32cubeide_1.4.0/stm32cubeide/plugins/com.st.stm32cube.ide.mcu.externaltools.gnu-tools-for-stm32.7-2018-q2-update.win32_1.5.0.202011040924/tools/bin/../lib/gcc/arm-none-eabi/7.3.1/thumb/v7e-m/fpv4-sp/hard/crtbegin.o

.preinit_array  0x0000000008004cac        0x0
                0x0000000008004cac                . = ALIGN (0x4)
                0x0000000008004cac                PROVIDE (__preinit_array_start = .)
 *(.preinit_array*)
                0x0000000008004cac                PROVIDE (__preinit_array_end = .)
                0x0000000008004cac                . = ALIGN (0x4)

.init_array     0x0000000008004cac        0x4
                0x0000000008004cac                . = ALIGN (0x4)
                0x0000000008004cac                PROVIDE (__init_array_start = .)
 *(SORT_BY_NAME(.init_array.*))
 *(.init_array*)
 .init_array    0x0000000008004cac        0x4 c:/st/stm32cubeide_1.4.0/stm32cubeide/plugins/com.st.stm32cube.ide.mcu.externaltools.gnu-tools-for-stm32.7-2018-q2-update.win32_1.5.0.202011040924/tools/bin/../lib/gcc/arm-none-eabi/7.3.1/thumb/v7e-m/fpv4-sp/hard/crtbegin.o
                0x0000000008004cb0                PROVIDE (__init_array_end = .)
                0x0000000008004cb0                . = ALIGN (0x4)

.fini_array     0x0000000008004cb0        0x4
                0x0000000008004cb0                . = ALIGN (0x4)
                [!provide]                        PROVIDE (__fini_array_start = .)
 *(SORT_BY_NAME(.fini_array.*))
 *(.fini_array*)
 .fini_array    0x0000000008004cb0        0x4 c:/st/stm32cubeide_1.4.0/stm32cubeide/plugins/com.st.stm32cube.ide.mcu.externaltools.gnu-tools-for-stm32.7-2018-q2-update.win32_1.5.0.202011040924/tools/bin/../lib/gcc/arm-none-eabi/7.3.1/thumb/v7e-m/fpv4-sp/hard/crtbegin.o
                [!provide]                        PROVIDE (__fini_array_end = .)
                0x0000000008004cb4                . = ALIGN (0x4)
                0x0000000008004cb4                _sidata = LOADADDR (.data)

.data           0x0000000020000000        0xc load address 0x0000000008004cb4
                0x0000000020000000                . = ALIGN (0x4)
                0x0000000020000000                _sdata = .
 *(.data)
 *(.data*)
 .data.SystemCoreClock
                0x0000000020000000        0x4 Core/Src/system_stm32l4xx.o
                0x0000000020000000                SystemCoreClock
 .data.uwTickPrio
                0x0000000020000004        0x4 Drivers/STM32L4xx_HAL_Driver/Src/stm32l4xx_hal.o
                0x0000000020000004                uwTickPrio
 .data.uwTickFreq
                0x0000000020000008        0x1 Drivers/STM32L4xx_HAL_Driver/Src/stm32l4xx_hal.o
                0x0000000020000008                uwTickFreq
 *(.RamFunc)
 *(.RamFunc*)
                0x000000002000000c                . = ALIGN (0x4)
 *fill*         0x0000000020000009        0x3 
                0x000000002000000c                _edata = .

.igot.plt       0x000000002000000c        0x0 load address 0x0000000008004cc0
 .igot.plt      0x000000002000000c        0x0 c:/st/stm32cubeide_1.4.0/stm32cubeide/plugins/com.st.stm32cube.ide.mcu.externaltools.gnu-tools-for-stm32.7-2018-q2-update.win32_1.5.0.202011040924/tools/bin/../lib/gcc/arm-none-eabi/7.3.1/thumb/v7e-m/fpv4-sp/hard/crtbegin.o
                0x000000002000000c                . = ALIGN (0x4)

.bss            0x000000002000000c      0x170 load address 0x0000000008004cc0
                0x000000002000000c                _sbss = .
                0x000000002000000c                __bss_start__ = _sbss
 *(.bss)
 .bss           0x000000002000000c       0x1c c:/st/stm32cubeide_1.4.0/stm32cubeide/plugins/com.st.stm32cube.ide.mcu.externaltools.gnu-tools-for-stm32.7-2018-q2-update.win32_1.5.0.202011040924/tools/bin/../lib/gcc/arm-none-eabi/7.3.1/thumb/v7e-m/fpv4-sp/hard/crtbegin.o
 *(.bss*)
 .bss.stepper   0x0000000020000028       0x34 Core/Src/main.o
                0x0000000020000028                stepper
 .bss.time_ms.9508
                0x000000002000005c        0x4 Core/Src/stepper.o
 *(COMMON)
 COMMON         0x0000000020000060       0x98 Core/Src/tim.o
                0x0000000020000060                htim1
                0x00000000200000ac                htim2
 COMMON         0x00000000200000f8       0x80 Core/Src/usart.o
                0x00000000200000f8                huart2
 COMMON         0x0000000020000178        0x4 Drivers/STM32L4xx_HAL_Driver/Src/stm32l4xx_hal.o
                0x0000000020000178                uwTick
                0x000000002000017c                . = ALIGN (0x4)
                0x000000002000017c                _ebss = .
                0x000000002000017c                __bss_end__ = _ebss

._user_heap_stack
                0x000000002000017c      0x604 load address 0x0000000008004cc0
                0x0000000020000180                . = ALIGN (0x8)
 *fill*         0x000000002000017c        0x4 
                [!provide]                        PROVIDE (end = .)
                0x0000000020000180                PROVIDE (_end = .)
                0x0000000020000380                . = (. + _Min_Heap_Size)
 *fill*         0x0000000020000180      0x200 
                0x0000000020000780                . = (. + _Min_Stack_Size)
 *fill*         0x0000000020000380      0x400 
                0x0000000020000780                . = ALIGN (0x8)

/DISCARD/
 libc.a(*)
 libm.a(*)
 libgcc.a(*)

.ARM.attributes
                0x0000000000000000       0x30
 *(.ARM.attributes)
 .ARM.attributes
                0x0000000000000000       0x22 c:/st/stm32cubeide_1.4.0/stm32cubeide/plugins/com.st.stm32cube.ide.mcu.externaltools.gnu-tools-for-stm32.7-2018-q2-update.win32_1.5.0.202011040924/tools/bin/../lib/gcc/arm-none-eabi/7.3.1/thumb/v7e-m/fpv4-sp/hard/crti.o
 .ARM.attributes
                0x0000000000000022       0x34 c:/st/stm32cubeide_1.4.0/stm32cubeide/plugins/com.st.stm32cube.ide.mcu.externaltools.gnu-tools-for-stm32.7-2018-q2-update.win32_1.5.0.202011040924/tools/bin/../lib/gcc/arm-none-eabi/7.3.1/thumb/v7e-m/fpv4-sp/hard/crtbegin.o
 .ARM.attributes
                0x0000000000000056       0x39 Core/Src/gpio.o
 .ARM.attributes
                0x000000000000008f       0x39 Core/Src/main.o
 .ARM.attributes
                0x00000000000000c8       0x39 Core/Src/stepper.o
 .ARM.attributes
                0x0000000000000101       0x39 Core/Src/stm32l4xx_hal_msp.o
 .ARM.attributes
                0x000000000000013a       0x39 Core/Src/stm32l4xx_it.o
 .ARM.attributes
                0x0000000000000173       0x39 Core/Src/system_stm32l4xx.o
 .ARM.attributes
                0x00000000000001ac       0x39 Core/Src/tim.o
 .ARM.attributes
                0x00000000000001e5       0x39 Core/Src/usart.o
 .ARM.attributes
                0x000000000000021e       0x21 Core/Startup/startup_stm32l476rgtx.o
 .ARM.attributes
                0x000000000000023f       0x39 Drivers/STM32L4xx_HAL_Driver/Src/stm32l4xx_hal.o
 .ARM.attributes
                0x0000000000000278       0x39 Drivers/STM32L4xx_HAL_Driver/Src/stm32l4xx_hal_cortex.o
 .ARM.attributes
                0x00000000000002b1       0x39 Drivers/STM32L4xx_HAL_Driver/Src/stm32l4xx_hal_gpio.o
 .ARM.attributes
                0x00000000000002ea       0x39 Drivers/STM32L4xx_HAL_Driver/Src/stm32l4xx_hal_pwr_ex.o
 .ARM.attributes
                0x0000000000000323       0x39 Drivers/STM32L4xx_HAL_Driver/Src/stm32l4xx_hal_rcc.o
 .ARM.attributes
                0x000000000000035c       0x39 Drivers/STM32L4xx_HAL_Driver/Src/stm32l4xx_hal_rcc_ex.o
 .ARM.attributes
                0x0000000000000395       0x39 Drivers/STM32L4xx_HAL_Driver/Src/stm32l4xx_hal_tim.o
 .ARM.attributes
                0x00000000000003ce       0x39 Drivers/STM32L4xx_HAL_Driver/Src/stm32l4xx_hal_tim_ex.o
 .ARM.attributes
                0x0000000000000407       0x39 Drivers/STM32L4xx_HAL_Driver/Src/stm32l4xx_hal_uart.o
 .ARM.attributes
                0x0000000000000440       0x34 c:/st/stm32cubeide_1.4.0/stm32cubeide/plugins/com.st.stm32cube.ide.mcu.externaltools.gnu-tools-for-stm32.7-2018-q2-update.win32_1.5.0.202011040924/tools/bin/../lib/gcc/arm-none-eabi/7.3.1/../../../../arm-none-eabi/lib/thumb/v7e-m/fpv4-sp/hard\libc_nano.a(lib_a-init.o)
 .ARM.attributes
                0x0000000000000474       0x34 c:/st/stm32cubeide_1.4.0/stm32cubeide/plugins/com.st.stm32cube.ide.mcu.externaltools.gnu-tools-for-stm32.7-2018-q2-update.win32_1.5.0.202011040924/tools/bin/../lib/gcc/arm-none-eabi/7.3.1/../../../../arm-none-eabi/lib/thumb/v7e-m/fpv4-sp/hard\libc_nano.a(lib_a-memset.o)
 .ARM.attributes
                0x00000000000004a8       0x22 c:/st/stm32cubeide_1.4.0/stm32cubeide/plugins/com.st.stm32cube.ide.mcu.externaltools.gnu-tools-for-stm32.7-2018-q2-update.win32_1.5.0.202011040924/tools/bin/../lib/gcc/arm-none-eabi/7.3.1/thumb/v7e-m/fpv4-sp/hard\libgcc.a(_aeabi_uldivmod.o)
 .ARM.attributes
                0x00000000000004ca       0x34 c:/st/stm32cubeide_1.4.0/stm32cubeide/plugins/com.st.stm32cube.ide.mcu.externaltools.gnu-tools-for-stm32.7-2018-q2-update.win32_1.5.0.202011040924/tools/bin/../lib/gcc/arm-none-eabi/7.3.1/thumb/v7e-m/fpv4-sp/hard\libgcc.a(_udivmoddi4.o)
 .ARM.attributes
                0x00000000000004fe       0x22 c:/st/stm32cubeide_1.4.0/stm32cubeide/plugins/com.st.stm32cube.ide.mcu.externaltools.gnu-tools-for-stm32.7-2018-q2-update.win32_1.5.0.202011040924/tools/bin/../lib/gcc/arm-none-eabi/7.3.1/thumb/v7e-m/fpv4-sp/hard\libgcc.a(_dvmd_tls.o)
 .ARM.attributes
                0x0000000000000520       0x22 c:/st/stm32cubeide_1.4.0/stm32cubeide/plugins/com.st.stm32cube.ide.mcu.externaltools.gnu-tools-for-stm32.7-2018-q2-update.win32_1.5.0.202011040924/tools/bin/../lib/gcc/arm-none-eabi/7.3.1/thumb/v7e-m/fpv4-sp/hard/crtn.o
OUTPUT(Stepper_Motor_Ramp.elf elf32-littlearm)

.debug_info     0x0000000000000000    0x10542
 .debug_info    0x0000000000000000      0x679 Core/Src/gpio.o
 .debug_info    0x0000000000000679     0x119a Core/Src/main.o
 .debug_info    0x0000000000001813     0x1522 Core/Src/stepper.o
 .debug_info    0x0000000000002d35      0x4f9 Core/Src/stm32l4xx_hal_msp.o
 .debug_info    0x000000000000322e      0x8ed Core/Src/stm32l4xx_it.o
 .debug_info    0x0000000000003b1b      0x727 Core/Src/system_stm32l4xx.o
 .debug_info    0x0000000000004242     0x1022 Core/Src/tim.o
 .debug_info    0x0000000000005264      0xbab Core/Src/usart.o
 .debug_info    0x0000000000005e0f       0x22 Core/Startup/startup_stm32l476rgtx.o
 .debug_info    0x0000000000005e31      0xd2e Drivers/STM32L4xx_HAL_Driver/Src/stm32l4xx_hal.o
 .debug_info    0x0000000000006b5f      0xf6d Drivers/STM32L4xx_HAL_Driver/Src/stm32l4xx_hal_cortex.o
 .debug_info    0x0000000000007acc      0x9c2 Drivers/STM32L4xx_HAL_Driver/Src/stm32l4xx_hal_gpio.o
 .debug_info    0x000000000000848e      0xb35 Drivers/STM32L4xx_HAL_Driver/Src/stm32l4xx_hal_pwr_ex.o
 .debug_info    0x0000000000008fc3      0xd2f Drivers/STM32L4xx_HAL_Driver/Src/stm32l4xx_hal_rcc.o
 .debug_info    0x0000000000009cf2      0xf41 Drivers/STM32L4xx_HAL_Driver/Src/stm32l4xx_hal_rcc_ex.o
 .debug_info    0x000000000000ac33     0x2a61 Drivers/STM32L4xx_HAL_Driver/Src/stm32l4xx_hal_tim.o
 .debug_info    0x000000000000d694     0x167e Drivers/STM32L4xx_HAL_Driver/Src/stm32l4xx_hal_tim_ex.o
 .debug_info    0x000000000000ed12     0x1830 Drivers/STM32L4xx_HAL_Driver/Src/stm32l4xx_hal_uart.o

.debug_abbrev   0x0000000000000000     0x1fd6
 .debug_abbrev  0x0000000000000000      0x134 Core/Src/gpio.o
 .debug_abbrev  0x0000000000000134      0x1ee Core/Src/main.o
 .debug_abbrev  0x0000000000000322      0x22a Core/Src/stepper.o
 .debug_abbrev  0x000000000000054c      0x125 Core/Src/stm32l4xx_hal_msp.o
 .debug_abbrev  0x0000000000000671      0x15a Core/Src/stm32l4xx_it.o
 .debug_abbrev  0x00000000000007cb      0x150 Core/Src/system_stm32l4xx.o
 .debug_abbrev  0x000000000000091b      0x1a8 Core/Src/tim.o
 .debug_abbrev  0x0000000000000ac3      0x199 Core/Src/usart.o
 .debug_abbrev  0x0000000000000c5c       0x12 Core/Startup/startup_stm32l476rgtx.o
 .debug_abbrev  0x0000000000000c6e      0x1fb Drivers/STM32L4xx_HAL_Driver/Src/stm32l4xx_hal.o
 .debug_abbrev  0x0000000000000e69      0x2fa Drivers/STM32L4xx_HAL_Driver/Src/stm32l4xx_hal_cortex.o
 .debug_abbrev  0x0000000000001163      0x1c0 Drivers/STM32L4xx_HAL_Driver/Src/stm32l4xx_hal_gpio.o
 .debug_abbrev  0x0000000000001323      0x1cb Drivers/STM32L4xx_HAL_Driver/Src/stm32l4xx_hal_pwr_ex.o
 .debug_abbrev  0x00000000000014ee      0x245 Drivers/STM32L4xx_HAL_Driver/Src/stm32l4xx_hal_rcc.o
 .debug_abbrev  0x0000000000001733      0x238 Drivers/STM32L4xx_HAL_Driver/Src/stm32l4xx_hal_rcc_ex.o
 .debug_abbrev  0x000000000000196b      0x230 Drivers/STM32L4xx_HAL_Driver/Src/stm32l4xx_hal_tim.o
 .debug_abbrev  0x0000000000001b9b      0x236 Drivers/STM32L4xx_HAL_Driver/Src/stm32l4xx_hal_tim_ex.o
 .debug_abbrev  0x0000000000001dd1      0x205 Drivers/STM32L4xx_HAL_Driver/Src/stm32l4xx_hal_uart.o

.debug_aranges  0x0000000000000000      0xed8
 .debug_aranges
                0x0000000000000000       0x20 Core/Src/gpio.o
 .debug_aranges
                0x0000000000000020       0x38 Core/Src/main.o
 .debug_aranges
                0x0000000000000058       0x78 Core/Src/stepper.o
 .debug_aranges
                0x00000000000000d0       0x20 Core/Src/stm32l4xx_hal_msp.o
 .debug_aranges
                0x00000000000000f0       0x70 Core/Src/stm32l4xx_it.o
 .debug_aranges
                0x0000000000000160       0x28 Core/Src/system_stm32l4xx.o
 .debug_aranges
                0x0000000000000188       0x50 Core/Src/tim.o
 .debug_aranges
                0x00000000000001d8       0x30 Core/Src/usart.o
 .debug_aranges
                0x0000000000000208       0x28 Core/Startup/startup_stm32l476rgtx.o
 .debug_aranges
                0x0000000000000230      0x130 Drivers/STM32L4xx_HAL_Driver/Src/stm32l4xx_hal.o
 .debug_aranges
                0x0000000000000360      0x118 Drivers/STM32L4xx_HAL_Driver/Src/stm32l4xx_hal_cortex.o
 .debug_aranges
                0x0000000000000478       0x58 Drivers/STM32L4xx_HAL_Driver/Src/stm32l4xx_hal_gpio.o
 .debug_aranges
                0x00000000000004d0      0x150 Drivers/STM32L4xx_HAL_Driver/Src/stm32l4xx_hal_pwr_ex.o
 .debug_aranges
                0x0000000000000620       0x88 Drivers/STM32L4xx_HAL_Driver/Src/stm32l4xx_hal_rcc.o
 .debug_aranges
                0x00000000000006a8       0xc0 Drivers/STM32L4xx_HAL_Driver/Src/stm32l4xx_hal_rcc_ex.o
 .debug_aranges
                0x0000000000000768      0x3e0 Drivers/STM32L4xx_HAL_Driver/Src/stm32l4xx_hal_tim.o
 .debug_aranges
                0x0000000000000b48      0x180 Drivers/STM32L4xx_HAL_Driver/Src/stm32l4xx_hal_tim_ex.o
 .debug_aranges
                0x0000000000000cc8      0x210 Drivers/STM32L4xx_HAL_Driver/Src/stm32l4xx_hal_uart.o

.debug_ranges   0x0000000000000000      0xdc0
 .debug_ranges  0x0000000000000000       0x10 Core/Src/gpio.o
 .debug_ranges  0x0000000000000010       0x28 Core/Src/main.o
 .debug_ranges  0x0000000000000038       0x68 Core/Src/stepper.o
 .debug_ranges  0x00000000000000a0       0x10 Core/Src/stm32l4xx_hal_msp.o
 .debug_ranges  0x00000000000000b0       0x60 Core/Src/stm32l4xx_it.o
 .debug_ranges  0x0000000000000110       0x18 Core/Src/system_stm32l4xx.o
 .debug_ranges  0x0000000000000128       0x40 Core/Src/tim.o
 .debug_ranges  0x0000000000000168       0x20 Core/Src/usart.o
 .debug_ranges  0x0000000000000188       0x20 Core/Startup/startup_stm32l476rgtx.o
 .debug_ranges  0x00000000000001a8      0x120 Drivers/STM32L4xx_HAL_Driver/Src/stm32l4xx_hal.o
 .debug_ranges  0x00000000000002c8      0x108 Drivers/STM32L4xx_HAL_Driver/Src/stm32l4xx_hal_cortex.o
 .debug_ranges  0x00000000000003d0       0x48 Drivers/STM32L4xx_HAL_Driver/Src/stm32l4xx_hal_gpio.o
 .debug_ranges  0x0000000000000418      0x140 Drivers/STM32L4xx_HAL_Driver/Src/stm32l4xx_hal_pwr_ex.o
 .debug_ranges  0x0000000000000558       0x78 Drivers/STM32L4xx_HAL_Driver/Src/stm32l4xx_hal_rcc.o
 .debug_ranges  0x00000000000005d0       0xb0 Drivers/STM32L4xx_HAL_Driver/Src/stm32l4xx_hal_rcc_ex.o
 .debug_ranges  0x0000000000000680      0x3d0 Drivers/STM32L4xx_HAL_Driver/Src/stm32l4xx_hal_tim.o
 .debug_ranges  0x0000000000000a50      0x170 Drivers/STM32L4xx_HAL_Driver/Src/stm32l4xx_hal_tim_ex.o
 .debug_ranges  0x0000000000000bc0      0x200 Drivers/STM32L4xx_HAL_Driver/Src/stm32l4xx_hal_uart.o

.debug_macro    0x0000000000000000    0x27327
 .debug_macro   0x0000000000000000      0x1fb Core/Src/gpio.o
 .debug_macro   0x00000000000001fb      0xa5a Core/Src/gpio.o
 .debug_macro   0x0000000000000c55      0x1ad Core/Src/gpio.o
 .debug_macro   0x0000000000000e02       0x2e Core/Src/gpio.o
 .debug_macro   0x0000000000000e30       0x28 Core/Src/gpio.o
 .debug_macro   0x0000000000000e58       0x22 Core/Src/gpio.o
 .debug_macro   0x0000000000000e7a       0x8e Core/Src/gpio.o
 .debug_macro   0x0000000000000f08       0x51 Core/Src/gpio.o
 .debug_macro   0x0000000000000f59       0xef Core/Src/gpio.o
 .debug_macro   0x0000000000001048       0x6a Core/Src/gpio.o
 .debug_macro   0x00000000000010b2      0x1df Core/Src/gpio.o
 .debug_macro   0x0000000000001291       0x1c Core/Src/gpio.o
 .debug_macro   0x00000000000012ad       0x22 Core/Src/gpio.o
 .debug_macro   0x00000000000012cf      0x101 Core/Src/gpio.o
 .debug_macro   0x00000000000013d0     0x1011 Core/Src/gpio.o
 .debug_macro   0x00000000000023e1      0x11f Core/Src/gpio.o
 .debug_macro   0x0000000000002500    0x1a13d Core/Src/gpio.o
 .debug_macro   0x000000000001c63d       0x43 Core/Src/gpio.o
 .debug_macro   0x000000000001c680     0x3890 Core/Src/gpio.o
 .debug_macro   0x000000000001ff10      0x174 Core/Src/gpio.o
 .debug_macro   0x0000000000020084       0x5c Core/Src/gpio.o
 .debug_macro   0x00000000000200e0     0x155f Core/Src/gpio.o
 .debug_macro   0x000000000002163f      0x59e Core/Src/gpio.o
 .debug_macro   0x0000000000021bdd      0x13d Core/Src/gpio.o
 .debug_macro   0x0000000000021d1a      0x18b Core/Src/gpio.o
 .debug_macro   0x0000000000021ea5      0x26b Core/Src/gpio.o
 .debug_macro   0x0000000000022110      0x23d Core/Src/gpio.o
 .debug_macro   0x000000000002234d      0x241 Core/Src/gpio.o
 .debug_macro   0x000000000002258e      0x37c Core/Src/gpio.o
 .debug_macro   0x000000000002290a       0xd6 Core/Src/gpio.o
 .debug_macro   0x00000000000229e0      0x22c Core/Src/gpio.o
 .debug_macro   0x0000000000022c0c       0x61 Core/Src/gpio.o
 .debug_macro   0x0000000000022c6d       0xa5 Core/Src/gpio.o
 .debug_macro   0x0000000000022d12      0x122 Core/Src/gpio.o
 .debug_macro   0x0000000000022e34      0x3e9 Core/Src/gpio.o
 .debug_macro   0x000000000002321d      0xa75 Core/Src/gpio.o
 .debug_macro   0x0000000000023c92      0x1e7 Core/Src/gpio.o
 .debug_macro   0x0000000000023e79      0x59e Core/Src/gpio.o
 .debug_macro   0x0000000000024417       0x44 Core/Src/gpio.o
 .debug_macro   0x000000000002445b      0x331 Core/Src/gpio.o
 .debug_macro   0x000000000002478c       0x46 Core/Src/gpio.o
 .debug_macro   0x00000000000247d2       0x70 Core/Src/gpio.o
 .debug_macro   0x0000000000024842      0x219 Core/Src/main.o
 .debug_macro   0x0000000000024a5b      0x289 Core/Src/stepper.o
 .debug_macro   0x0000000000024ce4       0x40 Core/Src/stepper.o
 .debug_macro   0x0000000000024d24       0x18 Core/Src/stepper.o
 .debug_macro   0x0000000000024d3c       0x94 Core/Src/stepper.o
 .debug_macro   0x0000000000024dd0       0x3c Core/Src/stepper.o
 .debug_macro   0x0000000000024e0c       0x34 Core/Src/stepper.o
 .debug_macro   0x0000000000024e40       0x57 Core/Src/stepper.o
 .debug_macro   0x0000000000024e97       0x52 Core/Src/stepper.o
 .debug_macro   0x0000000000024ee9       0x1f Core/Src/stepper.o
 .debug_macro   0x0000000000024f08       0x43 Core/Src/stepper.o
 .debug_macro   0x0000000000024f4b       0x20 Core/Src/stepper.o
 .debug_macro   0x0000000000024f6b      0x1a3 Core/Src/stepper.o
 .debug_macro   0x000000000002510e      0x330 Core/Src/stepper.o
 .debug_macro   0x000000000002543e      0x1e1 Core/Src/stepper.o
 .debug_macro   0x000000000002561f       0xfb Core/Src/stepper.o
 .debug_macro   0x000000000002571a       0x56 Core/Src/stepper.o
 .debug_macro   0x0000000000025770      0x1f1 Core/Src/stm32l4xx_hal_msp.o
 .debug_macro   0x0000000000025961      0x1fb Core/Src/stm32l4xx_it.o
 .debug_macro   0x0000000000025b5c      0x1df Core/Src/system_stm32l4xx.o
 .debug_macro   0x0000000000025d3b      0x1fb Core/Src/tim.o
 .debug_macro   0x0000000000025f36      0x1fb Core/Src/usart.o
 .debug_macro   0x0000000000026131      0x227 Drivers/STM32L4xx_HAL_Driver/Src/stm32l4xx_hal.o
 .debug_macro   0x0000000000026358      0x1d9 Drivers/STM32L4xx_HAL_Driver/Src/stm32l4xx_hal_cortex.o
 .debug_macro   0x0000000000026531      0x218 Drivers/STM32L4xx_HAL_Driver/Src/stm32l4xx_hal_gpio.o
 .debug_macro   0x0000000000026749      0x1fd Drivers/STM32L4xx_HAL_Driver/Src/stm32l4xx_hal_pwr_ex.o
 .debug_macro   0x0000000000026946      0x21b Drivers/STM32L4xx_HAL_Driver/Src/stm32l4xx_hal_rcc.o
 .debug_macro   0x0000000000026b61      0x20f Drivers/STM32L4xx_HAL_Driver/Src/stm32l4xx_hal_rcc_ex.o
 .debug_macro   0x0000000000026d70      0x1da Drivers/STM32L4xx_HAL_Driver/Src/stm32l4xx_hal_tim.o
 .debug_macro   0x0000000000026f4a      0x1d9 Drivers/STM32L4xx_HAL_Driver/Src/stm32l4xx_hal_tim_ex.o
 .debug_macro   0x0000000000027123      0x204 Drivers/STM32L4xx_HAL_Driver/Src/stm32l4xx_hal_uart.o

.debug_line     0x0000000000000000     0xcb17
 .debug_line    0x0000000000000000      0x709 Core/Src/gpio.o
 .debug_line    0x0000000000000709      0x780 Core/Src/main.o
 .debug_line    0x0000000000000e89      0x9bb Core/Src/stepper.o
 .debug_line    0x0000000000001844      0x700 Core/Src/stm32l4xx_hal_msp.o
 .debug_line    0x0000000000001f44      0x7cc Core/Src/stm32l4xx_it.o
 .debug_line    0x0000000000002710      0x71e Core/Src/system_stm32l4xx.o
 .debug_line    0x0000000000002e2e      0x79d Core/Src/tim.o
 .debug_line    0x00000000000035cb      0x736 Core/Src/usart.o
 .debug_line    0x0000000000003d01       0x87 Core/Startup/startup_stm32l476rgtx.o
 .debug_line    0x0000000000003d88      0x995 Drivers/STM32L4xx_HAL_Driver/Src/stm32l4xx_hal.o
 .debug_line    0x000000000000471d      0xa1c Drivers/STM32L4xx_HAL_Driver/Src/stm32l4xx_hal_cortex.o
 .debug_line    0x0000000000005139      0x8af Drivers/STM32L4xx_HAL_Driver/Src/stm32l4xx_hal_gpio.o
 .debug_line    0x00000000000059e8      0xaa8 Drivers/STM32L4xx_HAL_Driver/Src/stm32l4xx_hal_pwr_ex.o
 .debug_line    0x0000000000006490      0xa0b Drivers/STM32L4xx_HAL_Driver/Src/stm32l4xx_hal_rcc.o
 .debug_line    0x0000000000006e9b      0xca1 Drivers/STM32L4xx_HAL_Driver/Src/stm32l4xx_hal_rcc_ex.o
 .debug_line    0x0000000000007b3c     0x27b4 Drivers/STM32L4xx_HAL_Driver/Src/stm32l4xx_hal_tim.o
 .debug_line    0x000000000000a2f0     0x1584 Drivers/STM32L4xx_HAL_Driver/Src/stm32l4xx_hal_tim_ex.o
 .debug_line    0x000000000000b874     0x12a3 Drivers/STM32L4xx_HAL_Driver/Src/stm32l4xx_hal_uart.o

.debug_str      0x0000000000000000    0xf34fd
 .debug_str     0x0000000000000000    0xeb5bd Core/Src/gpio.o
                                      0xeb88d (size before relaxing)
 .debug_str     0x00000000000eb5bd      0xafc Core/Src/main.o
                                      0xec34a (size before relaxing)
 .debug_str     0x00000000000ec0b9     0x3863 Core/Src/stepper.o
                                      0xef5cb (size before relaxing)
 .debug_str     0x00000000000ef91c       0x2c Core/Src/stm32l4xx_hal_msp.o
                                      0xeb7eb (size before relaxing)
 .debug_str     0x00000000000ef948       0xe6 Core/Src/stm32l4xx_it.o
                                      0xebc28 (size before relaxing)
 .debug_str     0x00000000000efa2e       0xcd Core/Src/system_stm32l4xx.o
                                      0xeb577 (size before relaxing)
 .debug_str     0x00000000000efafb      0x620 Core/Src/tim.o
                                      0xec410 (size before relaxing)
 .debug_str     0x00000000000f011b       0x57 Core/Src/usart.o
                                      0xebc55 (size before relaxing)
 .debug_str     0x00000000000f0172       0x36 Core/Startup/startup_stm32l476rgtx.o
                                         0x66 (size before relaxing)
 .debug_str     0x00000000000f01a8      0x627 Drivers/STM32L4xx_HAL_Driver/Src/stm32l4xx_hal.o
                                      0xec0c7 (size before relaxing)
 .debug_str     0x00000000000f07cf      0x389 Drivers/STM32L4xx_HAL_Driver/Src/stm32l4xx_hal_cortex.o
                                      0xebdcb (size before relaxing)
 .debug_str     0x00000000000f0b58      0x236 Drivers/STM32L4xx_HAL_Driver/Src/stm32l4xx_hal_gpio.o
                                      0xeb7f6 (size before relaxing)
 .debug_str     0x00000000000f0d8e      0x4b4 Drivers/STM32L4xx_HAL_Driver/Src/stm32l4xx_hal_pwr_ex.o
                                      0xeba92 (size before relaxing)
 .debug_str     0x00000000000f1242      0x34e Drivers/STM32L4xx_HAL_Driver/Src/stm32l4xx_hal_rcc.o
                                      0xebb39 (size before relaxing)
 .debug_str     0x00000000000f1590      0x3a6 Drivers/STM32L4xx_HAL_Driver/Src/stm32l4xx_hal_rcc_ex.o
                                      0xebcca (size before relaxing)
 .debug_str     0x00000000000f1936      0xd5c Drivers/STM32L4xx_HAL_Driver/Src/stm32l4xx_hal_tim.o
                                      0xec7ff (size before relaxing)
 .debug_str     0x00000000000f2692      0x625 Drivers/STM32L4xx_HAL_Driver/Src/stm32l4xx_hal_tim_ex.o
                                      0xec0f3 (size before relaxing)
 .debug_str     0x00000000000f2cb7      0x846 Drivers/STM32L4xx_HAL_Driver/Src/stm32l4xx_hal_uart.o
                                      0xec12e (size before relaxing)

.comment        0x0000000000000000       0x7b
 .comment       0x0000000000000000       0x7b Core/Src/gpio.o
                                         0x7c (size before relaxing)
 .comment       0x000000000000007b       0x7c Core/Src/main.o
 .comment       0x000000000000007b       0x7c Core/Src/stepper.o
 .comment       0x000000000000007b       0x7c Core/Src/stm32l4xx_hal_msp.o
 .comment       0x000000000000007b       0x7c Core/Src/stm32l4xx_it.o
 .comment       0x000000000000007b       0x7c Core/Src/system_stm32l4xx.o
 .comment       0x000000000000007b       0x7c Core/Src/tim.o
 .comment       0x000000000000007b       0x7c Core/Src/usart.o
 .comment       0x000000000000007b       0x7c Drivers/STM32L4xx_HAL_Driver/Src/stm32l4xx_hal.o
 .comment       0x000000000000007b       0x7c Drivers/STM32L4xx_HAL_Driver/Src/stm32l4xx_hal_cortex.o
 .comment       0x000000000000007b       0x7c Drivers/STM32L4xx_HAL_Driver/Src/stm32l4xx_hal_gpio.o
 .comment       0x000000000000007b       0x7c Drivers/STM32L4xx_HAL_Driver/Src/stm32l4xx_hal_pwr_ex.o
 .comment       0x000000000000007b       0x7c Drivers/STM32L4xx_HAL_Driver/Src/stm32l4xx_hal_rcc.o
 .comment       0x000000000000007b       0x7c Drivers/STM32L4xx_HAL_Driver/Src/stm32l4xx_hal_rcc_ex.o
 .comment       0x000000000000007b       0x7c Drivers/STM32L4xx_HAL_Driver/Src/stm32l4xx_hal_tim.o
 .comment       0x000000000000007b       0x7c Drivers/STM32L4xx_HAL_Driver/Src/stm32l4xx_hal_tim_ex.o
 .comment       0x000000000000007b       0x7c Drivers/STM32L4xx_HAL_Driver/Src/stm32l4xx_hal_uart.o

.debug_frame    0x0000000000000000     0x3d7c
 .debug_frame   0x0000000000000000       0x34 Core/Src/gpio.o
 .debug_frame   0x0000000000000034       0x94 Core/Src/main.o
 .debug_frame   0x00000000000000c8      0x1cc Core/Src/stepper.o
 .debug_frame   0x0000000000000294       0x38 Core/Src/stm32l4xx_hal_msp.o
 .debug_frame   0x00000000000002cc      0x13c Core/Src/stm32l4xx_it.o
 .debug_frame   0x0000000000000408       0x58 Core/Src/system_stm32l4xx.o
 .debug_frame   0x0000000000000460      0x10c Core/Src/tim.o
 .debug_frame   0x000000000000056c       0x74 Core/Src/usart.o
 .debug_frame   0x00000000000005e0      0x498 Drivers/STM32L4xx_HAL_Driver/Src/stm32l4xx_hal.o
 .debug_frame   0x0000000000000a78      0x498 Drivers/STM32L4xx_HAL_Driver/Src/stm32l4xx_hal_cortex.o
 .debug_frame   0x0000000000000f10      0x14c Drivers/STM32L4xx_HAL_Driver/Src/stm32l4xx_hal_gpio.o
 .debug_frame   0x000000000000105c      0x544 Drivers/STM32L4xx_HAL_Driver/Src/stm32l4xx_hal_pwr_ex.o
 .debug_frame   0x00000000000015a0      0x1f4 Drivers/STM32L4xx_HAL_Driver/Src/stm32l4xx_hal_rcc.o
 .debug_frame   0x0000000000001794      0x2fc Drivers/STM32L4xx_HAL_Driver/Src/stm32l4xx_hal_rcc_ex.o
 .debug_frame   0x0000000000001a90     0x121c Drivers/STM32L4xx_HAL_Driver/Src/stm32l4xx_hal_tim.o
 .debug_frame   0x0000000000002cac      0x6b0 Drivers/STM32L4xx_HAL_Driver/Src/stm32l4xx_hal_tim_ex.o
 .debug_frame   0x000000000000335c      0x974 Drivers/STM32L4xx_HAL_Driver/Src/stm32l4xx_hal_uart.o
 .debug_frame   0x0000000000003cd0       0x2c c:/st/stm32cubeide_1.4.0/stm32cubeide/plugins/com.st.stm32cube.ide.mcu.externaltools.gnu-tools-for-stm32.7-2018-q2-update.win32_1.5.0.202011040924/tools/bin/../lib/gcc/arm-none-eabi/7.3.1/../../../../arm-none-eabi/lib/thumb/v7e-m/fpv4-sp/hard\libc_nano.a(lib_a-init.o)
 .debug_frame   0x0000000000003cfc       0x20 c:/st/stm32cubeide_1.4.0/stm32cubeide/plugins/com.st.stm32cube.ide.mcu.externaltools.gnu-tools-for-stm32.7-2018-q2-update.win32_1.5.0.202011040924/tools/bin/../lib/gcc/arm-none-eabi/7.3.1/../../../../arm-none-eabi/lib/thumb/v7e-m/fpv4-sp/hard\libc_nano.a(lib_a-memset.o)
 .debug_frame   0x0000000000003d1c       0x2c c:/st/stm32cubeide_1.4.0/stm32cubeide/plugins/com.st.stm32cube.ide.mcu.externaltools.gnu-tools-for-stm32.7-2018-q2-update.win32_1.5.0.202011040924/tools/bin/../lib/gcc/arm-none-eabi/7.3.1/thumb/v7e-m/fpv4-sp/hard\libgcc.a(_aeabi_uldivmod.o)
 .debug_frame   0x0000000000003d48       0x34 c:/st/stm32cubeide_1.4.0/stm32cubeide/plugins/com.st.stm32cube.ide.mcu.externaltools.gnu-tools-for-stm32.7-2018-q2-update.win32_1.5.0.202011040924/tools/bin/../lib/gcc/arm-none-eabi/7.3.1/thumb/v7e-m/fpv4-sp/hard\libgcc.a(_udivmoddi4.o)
